<html>
<body>
<pre>
<h1>礦ision Build Log</h1>
<h2>Project:</h2>
I:\日常练习\江西省汽车赛\练习\CCD  友联开发板\PRJ\model.uvproj
Project File Date:  07/23/2014

<h2>Output:</h2>
Build target 'Target 1'
compiling main.c...
..\USER\main.c(31): warning:  #177-D: variable "Track_Midline_value" was declared but never referenced
        uint8_t i,Track_Midline_value,A;
..\USER\main.c(31): warning:  #177-D: variable "A" was declared but never referenced
        uint8_t i,Track_Midline_value,A;
..\USER\main.c: 2 warnings, 0 errors
linking...
Program Size: Code=23664 RO-data=1736 RW-data=212 ZI-data=7284  
FromELF: creating hex file...
".\model.axf" - 0 Error(s), 2 Warning(s).
Load "I:\\日常练习\\江西省汽车赛\\练习\\CCD  友联开发板\\PRJ\\model.axf" 
Set JLink Project File to "I:\日常练习\江西省汽车赛\练习\CCD  友联开发板\PRJ\JLinkSettings.ini"
* JLink Info: Device "MK60DN512XXX10" selected (512 KB flash, 128 KB RAM).
 
JLink info:
------------
DLL: V4.80g, compiled Feb 13 2014 20:50:02
Firmware: J-Link ARM V8 compiled Nov 25 2013 19:20:08
Hardware: V8.00
S/N : 99999994 
Feature(s) : RDI,FlashDL,FlashBP,JFlash,GDBFULL 
 
* JLink Info: Found SWD-DP with ID 0x2BA01477
* JLink Info: Found SWD-DP with ID 0x2BA01477
* JLink Info: Found Cortex-M4 r0p1, Little endian.
* JLink Info: FPUnit: 6 code (BP) slots and 2 literal slots
* JLink Info: TPIU fitted.
* JLink Info: ETM fitted.
* JLink Info: ETB present.
* JLink Info: CSTF present.
ROMTableAddr = 0xE00FF003
 
Target info:
------------
Device: MK60DN512xxx10
VTarget = 3.306V
State of Pins: 
TCK: 0, TDI: 1, TDO: 0, TMS: 1, TRES: 1, TRST: 1
Hardware-Breakpoints: 6
Software-Breakpoints: 8192
Watchpoints:          4
JTAG speed: 4000 kHz
 
Erase Done.
Programming Done.
Verify OK.
Application running ...
</pre>
</body>
</html>
 RDI,FlashDL,FlashBP,JFlash,GDBFULL 
 
* JLink Info: Found SWD-DP with ID 0x2BA01477
* JLink Info: Found SWD-DP with ID 0x2BA01477
* JLink Info: Found Cortex-M4 r0p1, Little endian.
* JLink Info: FPUnit: 6 code (BP) slots and 2 literal slots
* JLink Info: TPIU fitted.
* JLink Info: ETM fitted.
* JLink Info: ETB present.
* JLink Info: CSTF present.
ROMTableAddr = 0xE00FF003
 
Target info:
------------
Device: MK60DN512xxx10
VTarget = 3.300V
State of Pins: 
TCK: 0, TDI: 1, TDO: 0, TMS: 1, TRES: 1, TRST: 1
Hardware-Breakpoints: 6
Software-Breakpoints: 8192
Watchpoints:          4
JTAG speed: 4000 kHz
 
Erase Done.
Programming Done.
Verify OK.
Application running ...
ce(temp);
..\USER\main.c(153): error:  #169: expected a declaration
        }
..\USER\main.c(390): warning: At end of source:  #12-D: parsing restarts here after previous syntax error
..\USER\main.c: 8 warnings, 14 errors
".\model.axf" - 14 Error(s), 8 Warning(s).
Target not created
 of Pins: 
TCK: 0, TDI: 1, TDO: 0, TMS: 1, TRES: 1, TRST: 1
Hardware-Breakpoints: 6
Software-Breakpoints: 8192
Watchpoints:          4
JTAG speed: 4000 kHz
 
Erase Done.
Programming Done.
Verify OK.
Application running ...
